// Vitest Snapshot v1, https://vitest.dev/guide/snapshot.html

exports[`Home Screen > should render correctly 1`] = `
{
  "asFragment": [Function],
  "baseElement": <body>
    <div>
      <nav>
        <h1>
          projects summer 2023
        </h1>
        <ul
          class="projects"
        >
          <li>
            <a
              href="/games"
            >
              game state screen transitions
            </a>
          </li>
          <li>
            <a
              href="/parallax"
            >
              parallax
            </a>
          </li>
          <li>
            <a
              href="/revolving-asset"
            >
              revolving asset
            </a>
          </li>
          <li>
            <a
              href="/html-render"
            >
              phone render
            </a>
          </li>
        </ul>
      </nav>
    </div>
  </body>,
  "container": <div>
    <nav>
      <h1>
        projects summer 2023
      </h1>
      <ul
        class="projects"
      >
        <li>
          <a
            href="/games"
          >
            game state screen transitions
          </a>
        </li>
        <li>
          <a
            href="/parallax"
          >
            parallax
          </a>
        </li>
        <li>
          <a
            href="/revolving-asset"
          >
            revolving asset
          </a>
        </li>
        <li>
          <a
            href="/html-render"
          >
            phone render
          </a>
        </li>
      </ul>
    </nav>
  </div>,
  "debug": [Function],
  "findAllByAltText": [Function],
  "findAllByDisplayValue": [Function],
  "findAllByLabelText": [Function],
  "findAllByPlaceholderText": [Function],
  "findAllByRole": [Function],
  "findAllByTestId": [Function],
  "findAllByText": [Function],
  "findAllByTitle": [Function],
  "findByAltText": [Function],
  "findByDisplayValue": [Function],
  "findByLabelText": [Function],
  "findByPlaceholderText": [Function],
  "findByRole": [Function],
  "findByTestId": [Function],
  "findByText": [Function],
  "findByTitle": [Function],
  "getAllByAltText": [Function],
  "getAllByDisplayValue": [Function],
  "getAllByLabelText": [Function],
  "getAllByPlaceholderText": [Function],
  "getAllByRole": [Function],
  "getAllByTestId": [Function],
  "getAllByText": [Function],
  "getAllByTitle": [Function],
  "getByAltText": [Function],
  "getByDisplayValue": [Function],
  "getByLabelText": [Function],
  "getByPlaceholderText": [Function],
  "getByRole": [Function],
  "getByTestId": [Function],
  "getByText": [Function],
  "getByTitle": [Function],
  "queryAllByAltText": [Function],
  "queryAllByDisplayValue": [Function],
  "queryAllByLabelText": [Function],
  "queryAllByPlaceholderText": [Function],
  "queryAllByRole": [Function],
  "queryAllByTestId": [Function],
  "queryAllByText": [Function],
  "queryAllByTitle": [Function],
  "queryByAltText": [Function],
  "queryByDisplayValue": [Function],
  "queryByLabelText": [Function],
  "queryByPlaceholderText": [Function],
  "queryByRole": [Function],
  "queryByTestId": [Function],
  "queryByText": [Function],
  "queryByTitle": [Function],
  "rerender": [Function],
  "unmount": [Function],
}
`;
